   Γû▓ Next.js 15.5.20

